// Jest Snapshot v1, https://goo.gl/fbAQLP

exports[`App does render 1`] = `
<div
  className="app"
>
  <Sidebar />
  <PageRoot>
    <Switch>
      <Route
        component={[Function]}
        exact={true}
        path="/"
      />
      <Route
        component={[Function]}
        path="/image"
      />
      <Route
        component={[Function]}
        path="/report"
      />
    </Switch>
  </PageRoot>
</div>
`;
