// Jest Snapshot v1, https://goo.gl/fbAQLP

exports[`PageRoot does render 1`] = `<article />`;
