// Jest Snapshot v1, https://goo.gl/fbAQLP

exports[`SidebarMenuItem does render 1`] = `<li />`;
