// Jest Snapshot v1, https://goo.gl/fbAQLP

exports[`SidebarMenu does render 1`] = `<ul />`;
