// Jest Snapshot v1, https://goo.gl/fbAQLP

exports[`ButtonAttachFile does render 1`] = `
<withProps(withHandlers(ButtonAction))
  attachImage={[Function]}
  store={
    Object {
      "clearActions": [Function],
      "dispatch": [Function],
      "getActions": [Function],
      "getState": [Function],
      "replaceReducer": [Function],
      "subscribe": [Function],
    }
  }
>
  This is a test!
</withProps(withHandlers(ButtonAction))>
`;
