// Jest Snapshot v1, https://goo.gl/fbAQLP

exports[`FileSelector does render 1`] = `
<div
  className="image-container "
/>
`;
