// Jest Snapshot v1, https://goo.gl/fbAQLP

exports[`ImageDescription does render 1`] = `
<div
  className="image-description"
/>
`;
