// Jest Snapshot v1, https://goo.gl/fbAQLP

exports[`Page does render 1`] = `
<div
  className="page "
>
  This is a test!
</div>
`;
