// Jest Snapshot v1, https://goo.gl/fbAQLP

exports[`ShowcaseImage does render 1`] = `
<img
  className="selected-image"
/>
`;
