// Jest Snapshot v1, https://goo.gl/fbAQLP

exports[`PanelFileSelector does render 1`] = `
<lifecycle(withProps(nest(defaultProps(branch(branch(Panel))), FileSelector)))
  files={Array []}
  loading={false}
  requestImages={[Function]}
  selectFile={[Function]}
  selectedClass={6}
  selectedLayer="block5_conv4"
  store={
    Object {
      "clearActions": [Function],
      "dispatch": [Function],
      "getActions": [Function],
      "getState": [Function],
      "replaceReducer": [Function],
      "subscribe": [Function],
    }
  }
  storeSubscription={
    Subscription {
      "listeners": Object {
        "clear": [Function],
        "get": [Function],
        "notify": [Function],
        "subscribe": [Function],
      },
      "onStateChange": [Function],
      "parentSub": undefined,
      "store": Object {
        "clearActions": [Function],
        "dispatch": [Function],
        "getActions": [Function],
        "getState": [Function],
        "replaceReducer": [Function],
        "subscribe": [Function],
      },
      "unsubscribe": [Function],
    }
  }
>
  This is a test!
</lifecycle(withProps(nest(defaultProps(branch(branch(Panel))), FileSelector)))>
`;
