// Jest Snapshot v1, https://goo.gl/fbAQLP

exports[`PanelTargetSelection does render 1`] = `
<defaultProps(withHandlers(withProps(lifecycle(nest(defaultProps(branch(branch(Panel))), TableSelector)))))
  classId={6}
  classes={Array []}
  classification={Array []}
  layerId="block5_conv4"
  loading={false}
  requestCnnClasses={[Function]}
  selectVisualizationTarget={[Function]}
  selectedRow={6}
  store={
    Object {
      "clearActions": [Function],
      "dispatch": [Function],
      "getActions": [Function],
      "getState": [Function],
      "replaceReducer": [Function],
      "subscribe": [Function],
    }
  }
  storeSubscription={
    Subscription {
      "listeners": Object {
        "clear": [Function],
        "get": [Function],
        "notify": [Function],
        "subscribe": [Function],
      },
      "onStateChange": [Function],
      "parentSub": undefined,
      "store": Object {
        "clearActions": [Function],
        "dispatch": [Function],
        "getActions": [Function],
        "getState": [Function],
        "replaceReducer": [Function],
        "subscribe": [Function],
      },
      "unsubscribe": [Function],
    }
  }
>
  This is a test!
</defaultProps(withHandlers(withProps(lifecycle(nest(defaultProps(branch(branch(Panel))), TableSelector)))))>
`;
