// Jest Snapshot v1, https://goo.gl/fbAQLP

exports[`PanelGuidedGradCamVisualization does render 1`] = `
<withProps(nest(defaultProps(branch(branch(Panel))), ShowcaseImage))
  dispatch={[Function]}
  store={
    Object {
      "clearActions": [Function],
      "dispatch": [Function],
      "getActions": [Function],
      "getState": [Function],
      "replaceReducer": [Function],
      "subscribe": [Function],
    }
  }
  storeSubscription={
    Subscription {
      "listeners": Object {
        "clear": [Function],
        "get": [Function],
        "notify": [Function],
        "subscribe": [Function],
      },
      "onStateChange": [Function],
      "parentSub": undefined,
      "store": Object {
        "clearActions": [Function],
        "dispatch": [Function],
        "getActions": [Function],
        "getState": [Function],
        "replaceReducer": [Function],
        "subscribe": [Function],
      },
      "unsubscribe": [Function],
    }
  }
>
  This is a test!
</withProps(nest(defaultProps(branch(branch(Panel))), ShowcaseImage))>
`;
